12:30:28 (5022) DEBUG ConfigReader Loading config from stryker.config.json
12:30:28 (5022) DEBUG ConfigReader Loaded config: {
  "$schema": "./node_modules/@stryker-mutator/core/schema/stryker-schema.json",
  "plugins": [
    "@stryker-mutator/vitest-runner"
  ],
  "testRunner": "vitest",
  "coverageAnalysis": "perTest",
  "vitest": {
    "related": false
  },
  "mutate": [
    "src/board.ts"
  ],
  "logLevel": "debug",
  "fileLogLevel": "debug",
  "allowConsoleColors": true,
  "checkers": [],
  "checkerNodeArgs": [],
  "commandRunner": {
    "command": "npm test"
  },
  "clearTextReporter": {
    "allowColor": true,
    "allowEmojis": false,
    "logTests": true,
    "maxTestsToLog": 3,
    "reportTests": true,
    "reportMutants": true,
    "reportScoreTable": true,
    "skipFull": false
  },
  "dashboard": {
    "baseUrl": "https://dashboard.stryker-mutator.io/api/reports",
    "reportType": "full"
  },
  "dryRunOnly": false,
  "eventReporter": {
    "baseDir": "reports/mutation/events"
  },
  "ignorePatterns": [],
  "ignoreStatic": false,
  "incremental": false,
  "incrementalFile": "reports/stryker-incremental.json",
  "force": false,
  "inPlace": false,
  "maxConcurrentTestRunners": 9007199254740991,
  "maxTestRunnerReuse": 0,
  "mutator": {
    "plugins": null,
    "excludedMutations": []
  },
  "appendPlugins": [],
  "reporters": [
    "clear-text",
    "progress",
    "html"
  ],
  "htmlReporter": {
    "fileName": "reports/mutation/mutation.html"
  },
  "jsonReporter": {
    "fileName": "reports/mutation/mutation.json"
  },
  "disableTypeChecks": true,
  "symlinkNodeModules": true,
  "tempDirName": ".stryker-tmp",
  "cleanTempDir": true,
  "testRunnerNodeArgs": [],
  "thresholds": {
    "high": 80,
    "low": 60,
    "break": null
  },
  "timeoutFactor": 1.5,
  "timeoutMS": 5000,
  "dryRunTimeoutMinutes": 5,
  "tsconfigFile": "tsconfig.json",
  "warnings": true,
  "disableBail": false,
  "allowEmpty": false,
  "ignorers": [],
  "testFiles": []
}
12:30:28 (5022) DEBUG PluginLoader Loading plugin @stryker-mutator/vitest-runner
12:30:28 (5022) DEBUG PluginLoader Loading plugin file:///home/runner/work/TW-Minesweeper-Server/TW-Minesweeper-Server/node_modules/.pnpm/@stryker-mutator+instrumenter@10.0.0/node_modules/@stryker-mutator/instrumenter/dist/src/frameworks/index.js
12:30:28 (5022) DEBUG PluginLoader Loading plugin file:///home/runner/work/TW-Minesweeper-Server/TW-Minesweeper-Server/node_modules/.pnpm/@stryker-mutator+core@10.0.0_@types+node@26.6.4/node_modules/@stryker-mutator/core/dist/src/reporters/index.js
12:30:28 (5022) DEBUG MetaSchemaBuilder Contributing 1 schemas from plugins to options validation.
12:30:28 (5022) INFO ProjectReader Found 1 of 36 file(s) to be mutated.
12:30:28 (5022) DEBUG ProjectReader All input files: [
  "/home/runner/work/TW-Minesweeper-Server/TW-Minesweeper-Server/.github/workflows/build.yml",
  "/home/runner/work/TW-Minesweeper-Server/TW-Minesweeper-Server/.github/workflows/codacy-analysis.yml",
  "/home/runner/work/TW-Minesweeper-Server/TW-Minesweeper-Server/.github/workflows/codeql-analysis.yml",
  "/home/runner/work/TW-Minesweeper-Server/TW-Minesweeper-Server/.github/workflows/coverity-scan.yml",
  "/home/runner/work/TW-Minesweeper-Server/TW-Minesweeper-Server/.github/workflows/zizmor.yml",
  "/home/runner/work/TW-Minesweeper-Server/TW-Minesweeper-Server/.gitignore",
  "/home/runner/work/TW-Minesweeper-Server/TW-Minesweeper-Server/.prettierrc.yaml",
  "/home/runner/work/TW-Minesweeper-Server/TW-Minesweeper-Server/DB/minesweeperDB.sql",
  "/home/runner/work/TW-Minesweeper-Server/TW-Minesweeper-Server/DB/minesweeperPopulateRankings.sql",
  "/home/runner/work/TW-Minesweeper-Server/TW-Minesweeper-Server/Procfile",
  "/home/runner/work/TW-Minesweeper-Server/TW-Minesweeper-Server/dist/Connection.js",
  "/home/runner/work/TW-Minesweeper-Server/TW-Minesweeper-Server/dist/Event.js",
  "/home/runner/work/TW-Minesweeper-Server/TW-Minesweeper-Server/dist/Game.js",
  "/home/runner/work/TW-Minesweeper-Server/TW-Minesweeper-Server/dist/Move.js",
  "/home/runner/work/TW-Minesweeper-Server/TW-Minesweeper-Server/dist/Player.js",
  "/home/runner/work/TW-Minesweeper-Server/TW-Minesweeper-Server/dist/Ranking.js",
  "/home/runner/work/TW-Minesweeper-Server/TW-Minesweeper-Server/dist/User.js",
  "/home/runner/work/TW-Minesweeper-Server/TW-Minesweeper-Server/dist/app.js",
  "/home/runner/work/TW-Minesweeper-Server/TW-Minesweeper-Server/dist/board.js",
  "/home/runner/work/TW-Minesweeper-Server/TW-Minesweeper-Server/eslint.config.mts",
  "/home/runner/work/TW-Minesweeper-Server/TW-Minesweeper-Server/package.json",
  "/home/runner/work/TW-Minesweeper-Server/TW-Minesweeper-Server/pnpm-lock.yaml",
  "/home/runner/work/TW-Minesweeper-Server/TW-Minesweeper-Server/pnpm-workspace.yaml",
  "/home/runner/work/TW-Minesweeper-Server/TW-Minesweeper-Server/renovate.json",
  "/home/runner/work/TW-Minesweeper-Server/TW-Minesweeper-Server/src/Connection.ts",
  "/home/runner/work/TW-Minesweeper-Server/TW-Minesweeper-Server/src/Event.ts",
  "/home/runner/work/TW-Minesweeper-Server/TW-Minesweeper-Server/src/Game.ts",
  "/home/runner/work/TW-Minesweeper-Server/TW-Minesweeper-Server/src/Move.ts",
  "/home/runner/work/TW-Minesweeper-Server/TW-Minesweeper-Server/src/Player.ts",
  "/home/runner/work/TW-Minesweeper-Server/TW-Minesweeper-Server/src/Ranking.ts",
  "/home/runner/work/TW-Minesweeper-Server/TW-Minesweeper-Server/src/User.ts",
  "/home/runner/work/TW-Minesweeper-Server/TW-Minesweeper-Server/src/app.ts",
  "/home/runner/work/TW-Minesweeper-Server/TW-Minesweeper-Server/src/board.ts",
  "/home/runner/work/TW-Minesweeper-Server/TW-Minesweeper-Server/stryker.config.json",
  "/home/runner/work/TW-Minesweeper-Server/TW-Minesweeper-Server/tests/board.test.ts",
  "/home/runner/work/TW-Minesweeper-Server/TW-Minesweeper-Server/tsconfig.json"
]
12:30:28 (5022) DEBUG ProjectReader Files to mutate: [
  "/home/runner/work/TW-Minesweeper-Server/TW-Minesweeper-Server/src/board.ts"
]
12:30:28 (5022) DEBUG TemporaryDirectory Using temp directory "/home/runner/work/TW-Minesweeper-Server/TW-Minesweeper-Server/.stryker-tmp/sandbox-FixV38"
12:30:28 (5022) DEBUG Instrumenter Instrumenting 1 source files with mutants
12:30:29 (5022) DEBUG Instrumenter Instrumented src/board.ts (96 mutant(s))
12:30:29 (5022) INFO Instrumenter Instrumented 1 source file(s) with 96 mutant(s)
12:30:29 (5022) DEBUG TSConfigPreprocessor Rewriting file ProjectFile {
  fs: [FileSystem],
  name: '/home/runner/work/TW-Minesweeper-Server/TW-Minesweeper-Server/tsconfig.json',
  mutate: false
}
12:30:29 (5022) INFO ConcurrencyTokenProvider Creating 4 test runner process(es).
12:30:29 (5022) DEBUG ChildProcessProxy Started CheckerWorker in worker process 0 with pid 5045 
12:30:29 (5045) DEBUG PluginLoader Loading plugin @stryker-mutator/vitest-runner
12:30:29 (5045) DEBUG PluginLoader Loading plugin file:///home/runner/work/TW-Minesweeper-Server/TW-Minesweeper-Server/node_modules/.pnpm/@stryker-mutator+instrumenter@10.0.0/node_modules/@stryker-mutator/instrumenter/dist/src/frameworks/index.js
12:30:29 (5045) DEBUG PluginLoader Loading plugin file:///home/runner/work/TW-Minesweeper-Server/TW-Minesweeper-Server/node_modules/.pnpm/@stryker-mutator+core@10.0.0_@types+node@26.6.4/node_modules/@stryker-mutator/core/dist/src/reporters/index.js
12:30:29 (5022) DEBUG Sandbox Creating a sandbox for files in /home/runner/work/TW-Minesweeper-Server/TW-Minesweeper-Server/.stryker-tmp/sandbox-FixV38
12:30:29 (5022) DEBUG Sandbox Start symlink node_modules
12:30:29 (5022) DEBUG Sandbox Create symlink from /home/runner/work/TW-Minesweeper-Server/TW-Minesweeper-Server/node_modules to /home/runner/work/TW-Minesweeper-Server/TW-Minesweeper-Server/.stryker-tmp/sandbox-FixV38/node_modules
12:30:29 (5022) INFO BroadcastReporter Detected that current console does not support the "progress" reporter, downgrading to "progress-append-only" reporter
12:30:29 (5022) DEBUG BroadcastReporter Broadcasting to reporters ["clear-text","progress-append-only","html"]
12:30:29 (5022) DEBUG ChildProcessProxy Started ChildProcessTestRunnerWorker in worker process 0 with pid 5060 
12:30:29 (5022) DEBUG ChildProcessProxy Started ChildProcessTestRunnerWorker in worker process 1 with pid 5061 
12:30:30 (5060) DEBUG PluginLoader Loading plugin @stryker-mutator/vitest-runner
12:30:30 (5060) DEBUG PluginLoader Loading plugin file:///home/runner/work/TW-Minesweeper-Server/TW-Minesweeper-Server/node_modules/.pnpm/@stryker-mutator+instrumenter@10.0.0/node_modules/@stryker-mutator/instrumenter/dist/src/frameworks/index.js
12:30:30 (5060) DEBUG PluginLoader Loading plugin file:///home/runner/work/TW-Minesweeper-Server/TW-Minesweeper-Server/node_modules/.pnpm/@stryker-mutator+core@10.0.0_@types+node@26.6.4/node_modules/@stryker-mutator/core/dist/src/reporters/index.js
12:30:30 (5061) DEBUG PluginLoader Loading plugin @stryker-mutator/vitest-runner
12:30:30 (5061) DEBUG PluginLoader Loading plugin file:///home/runner/work/TW-Minesweeper-Server/TW-Minesweeper-Server/node_modules/.pnpm/@stryker-mutator+instrumenter@10.0.0/node_modules/@stryker-mutator/instrumenter/dist/src/frameworks/index.js
12:30:30 (5061) DEBUG PluginLoader Loading plugin file:///home/runner/work/TW-Minesweeper-Server/TW-Minesweeper-Server/node_modules/.pnpm/@stryker-mutator+core@10.0.0_@types+node@26.6.4/node_modules/@stryker-mutator/core/dist/src/reporters/index.js
12:30:30 (5060) DEBUG ChildProcessProxyWorker Changing current working directory for this process to /home/runner/work/TW-Minesweeper-Server/TW-Minesweeper-Server/.stryker-tmp/sandbox-FixV38
12:30:30 (5061) DEBUG ChildProcessProxyWorker Changing current working directory for this process to /home/runner/work/TW-Minesweeper-Server/TW-Minesweeper-Server/.stryker-tmp/sandbox-FixV38
12:30:30 (5022) DEBUG Stryker Not removing the temp dir because an error occurred
12:30:30 (5022) ERROR Stryker Unexpected error occurred while running Stryker StrykerError: TypeError: Converting circular structure to JSON
    --> starting at object with constructor 'Object'
    |     property 'resolvedProjects' -> object with constructor 'Array'
    |     index 0 -> object with constructor 'Object'
    |     property 'viteConfig' -> object with constructor 'Object'
    --- property 'test' closes the circle
TypeError: Converting circular structure to JSON
    --> starting at object with constructor 'Object'
    |     property 'resolvedProjects' -> object with constructor 'Array'
    |     index 0 -> object with constructor 'Object'
    |     property 'viteConfig' -> object with constructor 'Object'
    --- property 'test' closes the circle
    at JSON.stringify (<anonymous>)
    at VitestTestRunner.init (file:///home/runner/work/TW-Minesweeper-Server/TW-Minesweeper-Server/node_modules/.pnpm/@stryker-mutator+vitest-runner@10.0.0_@stryker-mutator+core@10.0.0_@types+node@26.6.4___5a871f8e4423cf57d749029d00007b60/node_modules/@stryker-mutator/vitest-runner/dist/src/vitest-test-runner.js:95:57)
    at ChildProcessTestRunnerWorker.init (file:///home/runner/work/TW-Minesweeper-Server/TW-Minesweeper-Server/node_modules/.pnpm/@stryker-mutator+core@10.0.0_@types+node@26.6.4/node_modules/@stryker-mutator/core/dist/src/test-runner/child-process-test-runner-worker.js:16:13)
    at ChildProcessProxyWorker.handleCall (file:///home/runner/work/TW-Minesweeper-Server/TW-Minesweeper-Server/node_modules/.pnpm/@stryker-mutator+core@10.0.0_@types+node@26.6.4/node_modules/@stryker-mutator/core/dist/src/child-proxy/child-process-proxy-worker.js:87:28)
    at ChildProcess.<anonymous> (file:///home/runner/work/TW-Minesweeper-Server/TW-Minesweeper-Server/node_modules/.pnpm/@stryker-mutator+core@10.0.0_@types+node@26.6.4/node_modules/@stryker-mutator/core/dist/src/child-proxy/child-process-proxy.js:123:33)
    at ChildProcess.emit (node:events:519:28)
    at emit (node:internal/child_process:949:14)
    at process.processTicksAndRejections (node:internal/process/task_queues:90:21) {
  innerError: undefined
}
12:30:30 (5022) INFO Stryker This might be a known problem with a solution documented in our troubleshooting guide.
12:30:30 (5022) INFO Stryker You can find it at https://stryker-mutator.io/docs/stryker-js/troubleshooting/
12:30:30 (5022) INFO Stryker Still having trouble figuring out what went wrong? Try `npx stryker run --fileLogLevel trace --logLevel debug` to get some more info.
12:30:30 (5022) DEBUG ChildProcessProxy Disposing of worker process 5060
12:30:30 (5022) DEBUG ChildProcessProxy Disposing of worker process 5061
12:30:30 (5022) DEBUG ChildProcessProxy Kill 5060
12:30:30 (5022) DEBUG ChildProcessProxy Kill 5061
12:30:30 (5022) DEBUG ChildProcessProxy Disposing of worker process 5045
12:30:30 (5022) DEBUG ChildProcessProxy Kill 5045
12:31:09 (5407) DEBUG ConfigReader Loading config from stryker.config.json
12:31:09 (5407) DEBUG ConfigReader Loaded config: {
  "$schema": "./node_modules/@stryker-mutator/core/schema/stryker-schema.json",
  "plugins": [
    "@stryker-mutator/vitest-runner"
  ],
  "testRunner": "vitest",
  "coverageAnalysis": "all",
  "mutate": [
    "src/board.ts"
  ],
  "fileLogLevel": "debug",
  "allowConsoleColors": true,
  "checkers": [],
  "checkerNodeArgs": [],
  "commandRunner": {
    "command": "npm test"
  },
  "clearTextReporter": {
    "allowColor": true,
    "allowEmojis": false,
    "logTests": true,
    "maxTestsToLog": 3,
    "reportTests": true,
    "reportMutants": true,
    "reportScoreTable": true,
    "skipFull": false
  },
  "dashboard": {
    "baseUrl": "https://dashboard.stryker-mutator.io/api/reports",
    "reportType": "full"
  },
  "dryRunOnly": false,
  "eventReporter": {
    "baseDir": "reports/mutation/events"
  },
  "ignorePatterns": [],
  "ignoreStatic": false,
  "incremental": false,
  "incrementalFile": "reports/stryker-incremental.json",
  "force": false,
  "inPlace": false,
  "logLevel": "info",
  "maxConcurrentTestRunners": 9007199254740991,
  "maxTestRunnerReuse": 0,
  "mutator": {
    "plugins": null,
    "excludedMutations": []
  },
  "appendPlugins": [],
  "reporters": [
    "clear-text",
    "progress",
    "html"
  ],
  "htmlReporter": {
    "fileName": "reports/mutation/mutation.html"
  },
  "jsonReporter": {
    "fileName": "reports/mutation/mutation.json"
  },
  "disableTypeChecks": true,
  "symlinkNodeModules": true,
  "tempDirName": ".stryker-tmp",
  "cleanTempDir": true,
  "testRunnerNodeArgs": [],
  "thresholds": {
    "high": 80,
    "low": 60,
    "break": null
  },
  "timeoutFactor": 1.5,
  "timeoutMS": 5000,
  "dryRunTimeoutMinutes": 5,
  "tsconfigFile": "tsconfig.json",
  "warnings": true,
  "disableBail": false,
  "allowEmpty": false,
  "ignorers": [],
  "testFiles": []
}
12:31:09 (5407) DEBUG PluginLoader Loading plugin @stryker-mutator/vitest-runner
12:31:09 (5407) DEBUG PluginLoader Loading plugin file:///home/runner/work/TW-Minesweeper-Server/TW-Minesweeper-Server/node_modules/.pnpm/@stryker-mutator+instrumenter@10.0.0/node_modules/@stryker-mutator/instrumenter/dist/src/frameworks/index.js
12:31:09 (5407) DEBUG PluginLoader Loading plugin file:///home/runner/work/TW-Minesweeper-Server/TW-Minesweeper-Server/node_modules/.pnpm/@stryker-mutator+core@10.0.0_@types+node@26.6.4/node_modules/@stryker-mutator/core/dist/src/reporters/index.js
12:31:10 (5407) DEBUG MetaSchemaBuilder Contributing 1 schemas from plugins to options validation.
12:31:10 (5407) INFO ProjectReader Found 1 of 36 file(s) to be mutated.
12:31:10 (5407) DEBUG ProjectReader All input files: [
  "/home/runner/work/TW-Minesweeper-Server/TW-Minesweeper-Server/.github/workflows/build.yml",
  "/home/runner/work/TW-Minesweeper-Server/TW-Minesweeper-Server/.github/workflows/codacy-analysis.yml",
  "/home/runner/work/TW-Minesweeper-Server/TW-Minesweeper-Server/.github/workflows/codeql-analysis.yml",
  "/home/runner/work/TW-Minesweeper-Server/TW-Minesweeper-Server/.github/workflows/coverity-scan.yml",
  "/home/runner/work/TW-Minesweeper-Server/TW-Minesweeper-Server/.github/workflows/zizmor.yml",
  "/home/runner/work/TW-Minesweeper-Server/TW-Minesweeper-Server/.gitignore",
  "/home/runner/work/TW-Minesweeper-Server/TW-Minesweeper-Server/.prettierrc.yaml",
  "/home/runner/work/TW-Minesweeper-Server/TW-Minesweeper-Server/DB/minesweeperDB.sql",
  "/home/runner/work/TW-Minesweeper-Server/TW-Minesweeper-Server/DB/minesweeperPopulateRankings.sql",
  "/home/runner/work/TW-Minesweeper-Server/TW-Minesweeper-Server/Procfile",
  "/home/runner/work/TW-Minesweeper-Server/TW-Minesweeper-Server/dist/Connection.js",
  "/home/runner/work/TW-Minesweeper-Server/TW-Minesweeper-Server/dist/Event.js",
  "/home/runner/work/TW-Minesweeper-Server/TW-Minesweeper-Server/dist/Game.js",
  "/home/runner/work/TW-Minesweeper-Server/TW-Minesweeper-Server/dist/Move.js",
  "/home/runner/work/TW-Minesweeper-Server/TW-Minesweeper-Server/dist/Player.js",
  "/home/runner/work/TW-Minesweeper-Server/TW-Minesweeper-Server/dist/Ranking.js",
  "/home/runner/work/TW-Minesweeper-Server/TW-Minesweeper-Server/dist/User.js",
  "/home/runner/work/TW-Minesweeper-Server/TW-Minesweeper-Server/dist/app.js",
  "/home/runner/work/TW-Minesweeper-Server/TW-Minesweeper-Server/dist/board.js",
  "/home/runner/work/TW-Minesweeper-Server/TW-Minesweeper-Server/eslint.config.mts",
  "/home/runner/work/TW-Minesweeper-Server/TW-Minesweeper-Server/package.json",
  "/home/runner/work/TW-Minesweeper-Server/TW-Minesweeper-Server/pnpm-lock.yaml",
  "/home/runner/work/TW-Minesweeper-Server/TW-Minesweeper-Server/pnpm-workspace.yaml",
  "/home/runner/work/TW-Minesweeper-Server/TW-Minesweeper-Server/renovate.json",
  "/home/runner/work/TW-Minesweeper-Server/TW-Minesweeper-Server/src/Connection.ts",
  "/home/runner/work/TW-Minesweeper-Server/TW-Minesweeper-Server/src/Event.ts",
  "/home/runner/work/TW-Minesweeper-Server/TW-Minesweeper-Server/src/Game.ts",
  "/home/runner/work/TW-Minesweeper-Server/TW-Minesweeper-Server/src/Move.ts",
  "/home/runner/work/TW-Minesweeper-Server/TW-Minesweeper-Server/src/Player.ts",
  "/home/runner/work/TW-Minesweeper-Server/TW-Minesweeper-Server/src/Ranking.ts",
  "/home/runner/work/TW-Minesweeper-Server/TW-Minesweeper-Server/src/User.ts",
  "/home/runner/work/TW-Minesweeper-Server/TW-Minesweeper-Server/src/app.ts",
  "/home/runner/work/TW-Minesweeper-Server/TW-Minesweeper-Server/src/board.ts",
  "/home/runner/work/TW-Minesweeper-Server/TW-Minesweeper-Server/stryker.config.json",
  "/home/runner/work/TW-Minesweeper-Server/TW-Minesweeper-Server/tests/board.test.ts",
  "/home/runner/work/TW-Minesweeper-Server/TW-Minesweeper-Server/tsconfig.json"
]
12:31:10 (5407) DEBUG ProjectReader Files to mutate: [
  "/home/runner/work/TW-Minesweeper-Server/TW-Minesweeper-Server/src/board.ts"
]
12:31:10 (5407) DEBUG TemporaryDirectory Using temp directory "/home/runner/work/TW-Minesweeper-Server/TW-Minesweeper-Server/.stryker-tmp/sandbox-Vk6DC2"
12:31:10 (5407) DEBUG Instrumenter Instrumenting 1 source files with mutants
12:31:10 (5407) DEBUG Instrumenter Instrumented src/board.ts (96 mutant(s))
12:31:10 (5407) INFO Instrumenter Instrumented 1 source file(s) with 96 mutant(s)
12:31:10 (5407) DEBUG TSConfigPreprocessor Rewriting file ProjectFile {
  fs: [FileSystem],
  name: '/home/runner/work/TW-Minesweeper-Server/TW-Minesweeper-Server/tsconfig.json',
  mutate: false
}
12:31:10 (5407) INFO ConcurrencyTokenProvider Creating 4 test runner process(es).
12:31:10 (5407) DEBUG ChildProcessProxy Started CheckerWorker in worker process 0 with pid 5431 
12:31:10 (5431) DEBUG PluginLoader Loading plugin @stryker-mutator/vitest-runner
12:31:10 (5431) DEBUG PluginLoader Loading plugin file:///home/runner/work/TW-Minesweeper-Server/TW-Minesweeper-Server/node_modules/.pnpm/@stryker-mutator+instrumenter@10.0.0/node_modules/@stryker-mutator/instrumenter/dist/src/frameworks/index.js
12:31:10 (5431) DEBUG PluginLoader Loading plugin file:///home/runner/work/TW-Minesweeper-Server/TW-Minesweeper-Server/node_modules/.pnpm/@stryker-mutator+core@10.0.0_@types+node@26.6.4/node_modules/@stryker-mutator/core/dist/src/reporters/index.js
12:31:11 (5407) DEBUG Sandbox Creating a sandbox for files in /home/runner/work/TW-Minesweeper-Server/TW-Minesweeper-Server/.stryker-tmp/sandbox-Vk6DC2
12:31:11 (5407) DEBUG Sandbox Start symlink node_modules
12:31:11 (5407) DEBUG Sandbox Create symlink from /home/runner/work/TW-Minesweeper-Server/TW-Minesweeper-Server/node_modules to /home/runner/work/TW-Minesweeper-Server/TW-Minesweeper-Server/.stryker-tmp/sandbox-Vk6DC2/node_modules
12:31:11 (5407) INFO BroadcastReporter Detected that current console does not support the "progress" reporter, downgrading to "progress-append-only" reporter
12:31:11 (5407) DEBUG BroadcastReporter Broadcasting to reporters ["clear-text","progress-append-only","html"]
12:31:11 (5407) DEBUG ChildProcessProxy Started ChildProcessTestRunnerWorker in worker process 0 with pid 5446 
12:31:11 (5407) DEBUG ChildProcessProxy Started ChildProcessTestRunnerWorker in worker process 1 with pid 5447 
12:31:11 (5447) DEBUG PluginLoader Loading plugin @stryker-mutator/vitest-runner
12:31:11 (5447) DEBUG PluginLoader Loading plugin file:///home/runner/work/TW-Minesweeper-Server/TW-Minesweeper-Server/node_modules/.pnpm/@stryker-mutator+instrumenter@10.0.0/node_modules/@stryker-mutator/instrumenter/dist/src/frameworks/index.js
12:31:11 (5447) DEBUG PluginLoader Loading plugin file:///home/runner/work/TW-Minesweeper-Server/TW-Minesweeper-Server/node_modules/.pnpm/@stryker-mutator+core@10.0.0_@types+node@26.6.4/node_modules/@stryker-mutator/core/dist/src/reporters/index.js
12:31:11 (5446) DEBUG PluginLoader Loading plugin @stryker-mutator/vitest-runner
12:31:11 (5446) DEBUG PluginLoader Loading plugin file:///home/runner/work/TW-Minesweeper-Server/TW-Minesweeper-Server/node_modules/.pnpm/@stryker-mutator+instrumenter@10.0.0/node_modules/@stryker-mutator/instrumenter/dist/src/frameworks/index.js
12:31:11 (5446) DEBUG PluginLoader Loading plugin file:///home/runner/work/TW-Minesweeper-Server/TW-Minesweeper-Server/node_modules/.pnpm/@stryker-mutator+core@10.0.0_@types+node@26.6.4/node_modules/@stryker-mutator/core/dist/src/reporters/index.js
12:31:11 (5446) DEBUG ChildProcessProxyWorker Changing current working directory for this process to /home/runner/work/TW-Minesweeper-Server/TW-Minesweeper-Server/.stryker-tmp/sandbox-Vk6DC2
12:31:11 (5447) DEBUG ChildProcessProxyWorker Changing current working directory for this process to /home/runner/work/TW-Minesweeper-Server/TW-Minesweeper-Server/.stryker-tmp/sandbox-Vk6DC2
12:31:11 (5407) DEBUG Stryker Not removing the temp dir because an error occurred
12:31:11 (5407) ERROR Stryker Unexpected error occurred while running Stryker StrykerError: TypeError: Converting circular structure to JSON
    --> starting at object with constructor 'Object'
    |     property 'resolvedProjects' -> object with constructor 'Array'
    |     index 0 -> object with constructor 'Object'
    |     property 'viteConfig' -> object with constructor 'Object'
    --- property 'test' closes the circle
TypeError: Converting circular structure to JSON
    --> starting at object with constructor 'Object'
    |     property 'resolvedProjects' -> object with constructor 'Array'
    |     index 0 -> object with constructor 'Object'
    |     property 'viteConfig' -> object with constructor 'Object'
    --- property 'test' closes the circle
    at JSON.stringify (<anonymous>)
    at VitestTestRunner.init (file:///home/runner/work/TW-Minesweeper-Server/TW-Minesweeper-Server/node_modules/.pnpm/@stryker-mutator+vitest-runner@10.0.0_@stryker-mutator+core@10.0.0_@types+node@26.6.4___5a871f8e4423cf57d749029d00007b60/node_modules/@stryker-mutator/vitest-runner/dist/src/vitest-test-runner.js:95:57)
    at ChildProcessTestRunnerWorker.init (file:///home/runner/work/TW-Minesweeper-Server/TW-Minesweeper-Server/node_modules/.pnpm/@stryker-mutator+core@10.0.0_@types+node@26.6.4/node_modules/@stryker-mutator/core/dist/src/test-runner/child-process-test-runner-worker.js:16:13)
    at ChildProcessProxyWorker.handleCall (file:///home/runner/work/TW-Minesweeper-Server/TW-Minesweeper-Server/node_modules/.pnpm/@stryker-mutator+core@10.0.0_@types+node@26.6.4/node_modules/@stryker-mutator/core/dist/src/child-proxy/child-process-proxy-worker.js:87:28)
    at ChildProcess.<anonymous> (file:///home/runner/work/TW-Minesweeper-Server/TW-Minesweeper-Server/node_modules/.pnpm/@stryker-mutator+core@10.0.0_@types+node@26.6.4/node_modules/@stryker-mutator/core/dist/src/child-proxy/child-process-proxy.js:123:33)
    at ChildProcess.emit (node:events:519:28)
    at emit (node:internal/child_process:949:14)
    at process.processTicksAndRejections (node:internal/process/task_queues:90:21) {
  innerError: undefined
}
12:31:11 (5407) INFO Stryker This might be a known problem with a solution documented in our troubleshooting guide.
12:31:11 (5407) INFO Stryker You can find it at https://stryker-mutator.io/docs/stryker-js/troubleshooting/
12:31:11 (5407) INFO Stryker Still having trouble figuring out what went wrong? Try `npx stryker run --fileLogLevel trace --logLevel debug` to get some more info.
12:31:11 (5407) DEBUG ChildProcessProxy Disposing of worker process 5446
12:31:11 (5407) DEBUG ChildProcessProxy Kill 5446
12:31:11 (5407) DEBUG ChildProcessProxy Disposing of worker process 5447
12:31:11 (5407) DEBUG ChildProcessProxy Kill 5447
12:31:11 (5407) DEBUG ChildProcessProxy Disposing of worker process 5431
12:31:11 (5407) DEBUG ChildProcessProxy Kill 5431
